// Jest Snapshot v1, https://goo.gl/fbAQLP

exports[`App Test maintains the snapshots between renders 1`] = `
Object {
  "asFragment": [Function],
  "baseElement": <body>
    <div>
      <div
        class="App"
      >
        <a
          class="home-nav"
          href="/"
        >
          <svg
            class="back-button-icon hide"
            height="48"
            width="48"
            xmlns="http://www.w3.org/2000/svg"
          >
            <path
              d="M20 44 0 24 20 4l2.8 2.85L5.65 24 22.8 41.15Z"
            />
          </svg>
        </a>
        <div
          class="banner"
        >
          <img
            alt="banner"
            class="banner-image"
            src="banner.png"
          />
          <div
            class="banner-details"
          >
            <h1>
              Crypto Stats
            </h1>
            <p>
              200 Coins
            </p>
          </div>
        </div>
        <div
          class="details"
        />
      </div>
    </div>
  </body>,
  "container": <div>
    <div
      class="App"
    >
      <a
        class="home-nav"
        href="/"
      >
        <svg
          class="back-button-icon hide"
          height="48"
          width="48"
          xmlns="http://www.w3.org/2000/svg"
        >
          <path
            d="M20 44 0 24 20 4l2.8 2.85L5.65 24 22.8 41.15Z"
          />
        </svg>
      </a>
      <div
        class="banner"
      >
        <img
          alt="banner"
          class="banner-image"
          src="banner.png"
        />
        <div
          class="banner-details"
        >
          <h1>
            Crypto Stats
          </h1>
          <p>
            200 Coins
          </p>
        </div>
      </div>
      <div
        class="details"
      />
    </div>
  </div>,
  "debug": [Function],
  "findAllByAltText": [Function],
  "findAllByDisplayValue": [Function],
  "findAllByLabelText": [Function],
  "findAllByPlaceholderText": [Function],
  "findAllByRole": [Function],
  "findAllByTestId": [Function],
  "findAllByText": [Function],
  "findAllByTitle": [Function],
  "findByAltText": [Function],
  "findByDisplayValue": [Function],
  "findByLabelText": [Function],
  "findByPlaceholderText": [Function],
  "findByRole": [Function],
  "findByTestId": [Function],
  "findByText": [Function],
  "findByTitle": [Function],
  "getAllByAltText": [Function],
  "getAllByDisplayValue": [Function],
  "getAllByLabelText": [Function],
  "getAllByPlaceholderText": [Function],
  "getAllByRole": [Function],
  "getAllByTestId": [Function],
  "getAllByText": [Function],
  "getAllByTitle": [Function],
  "getByAltText": [Function],
  "getByDisplayValue": [Function],
  "getByLabelText": [Function],
  "getByPlaceholderText": [Function],
  "getByRole": [Function],
  "getByTestId": [Function],
  "getByText": [Function],
  "getByTitle": [Function],
  "queryAllByAltText": [Function],
  "queryAllByDisplayValue": [Function],
  "queryAllByLabelText": [Function],
  "queryAllByPlaceholderText": [Function],
  "queryAllByRole": [Function],
  "queryAllByTestId": [Function],
  "queryAllByText": [Function],
  "queryAllByTitle": [Function],
  "queryByAltText": [Function],
  "queryByDisplayValue": [Function],
  "queryByLabelText": [Function],
  "queryByPlaceholderText": [Function],
  "queryByRole": [Function],
  "queryByTestId": [Function],
  "queryByText": [Function],
  "queryByTitle": [Function],
  "rerender": [Function],
  "unmount": [Function],
}
`;
